2025-11-19 15:31:55,219 - root - INFO - LOG START
2025-11-19 15:31:55,222 - root - INFO - DB Init
2025-11-19 15:31:55,228 - root - INFO - Created users table
2025-11-19 15:31:55,228 - root - INFO - Created expenses table
2025-11-19 15:31:55,229 - root - INFO - Created approvals table
2025-11-19 15:31:55,229 - root - INFO - Database init successful
2025-11-19 15:31:55,230 - root - INFO - DB connection closed
2025-11-19 15:32:06,907 - root - INFO - Checking users table for valid credentials
2025-11-19 15:32:06,911 - root - INFO - Successfully found employee credentials
2025-11-19 15:32:16,245 - root - INFO - Employee viewing existing expenses
2025-11-19 15:32:23,761 - root - INFO - Employee attempting to viewing approvals
2025-11-19 15:32:23,763 - root - INFO - Successfuly displayed approvals
2025-11-19 15:32:37,094 - root - INFO - Exiting login
2025-11-19 15:32:37,100 - root - INFO - LOG END
2025-11-19 15:40:42,260 - root - INFO - LOG START
2025-11-19 15:40:42,261 - root - INFO - DB Init
2025-11-19 15:40:42,263 - root - INFO - Created users table
2025-11-19 15:40:42,263 - root - INFO - Created expenses table
2025-11-19 15:40:42,264 - root - INFO - Created approvals table
2025-11-19 15:40:42,264 - root - INFO - Database init successful
2025-11-19 15:40:42,265 - root - INFO - DB connection closed
2025-11-19 15:40:50,408 - root - INFO - Checking users table for valid credentials
2025-11-19 15:40:50,410 - root - INFO - Successfully found employee credentials
2025-11-19 15:40:52,280 - root - INFO - Employee viewing existing expenses
2025-11-19 15:41:07,583 - root - INFO - Employee entering new data for edit expense
2025-11-19 15:41:07,584 - root - INFO - Expense for edit found
2025-11-19 15:41:25,661 - root - INFO - Successfully edited expense
2025-11-19 15:43:19,521 - root - INFO - Exiting login
2025-11-19 15:43:19,528 - root - INFO - LOG END
2025-11-19 15:55:03,470 - root - INFO - LOG START
2025-11-19 15:55:03,472 - root - INFO - DB Init
2025-11-19 15:55:03,474 - root - INFO - Created users table
2025-11-19 15:55:03,475 - root - INFO - Created expenses table
2025-11-19 15:55:03,475 - root - INFO - Created approvals table
2025-11-19 15:55:03,476 - root - INFO - Database init successful
2025-11-19 15:55:03,476 - root - INFO - DB connection closed
2025-11-19 15:55:08,384 - root - INFO - Exiting login
2025-11-19 15:55:08,390 - root - INFO - LOG END
2025-11-19 15:55:27,723 - root - INFO - LOG START
2025-11-19 15:55:27,725 - root - INFO - DB Init
2025-11-19 15:55:27,726 - root - INFO - Created users table
2025-11-19 15:55:27,727 - root - INFO - Created expenses table
2025-11-19 15:55:27,728 - root - INFO - Created approvals table
2025-11-19 15:55:27,728 - root - INFO - Database init successful
2025-11-19 15:55:27,728 - root - INFO - DB connection closed
2025-11-19 15:55:38,090 - root - INFO - Checking users table for valid credentials
2025-11-19 15:55:38,091 - root - INFO - Successfully found employee credentials
2025-11-19 15:55:44,182 - root - INFO - Exiting login
2025-11-19 15:55:44,188 - root - INFO - LOG END
2025-11-19 15:56:09,400 - root - INFO - LOG START
2025-11-19 15:56:09,402 - root - INFO - DB Init
2025-11-19 15:56:09,403 - root - INFO - Created users table
2025-11-19 15:56:09,404 - root - INFO - Created expenses table
2025-11-19 15:56:09,405 - root - INFO - Created approvals table
2025-11-19 15:56:09,405 - root - INFO - Database init successful
2025-11-19 15:56:09,406 - root - INFO - DB connection closed
2025-11-19 15:56:17,826 - root - INFO - Checking users table for valid credentials
2025-11-19 15:56:17,828 - root - INFO - Successfully found employee credentials
2025-11-19 15:56:21,506 - root - INFO - Employee viewing existing expenses
2025-11-19 15:56:43,736 - root - ERROR - Invalid input for expenseID in edit expense
2025-11-19 15:58:10,239 - root - INFO - Employee attempting to viewing approvals
2025-11-19 15:58:10,241 - root - INFO - Successfuly displayed approvals
2025-11-19 15:58:19,455 - root - INFO - Employee viewing existing expenses
2025-11-19 15:58:20,842 - root - INFO - Employee attempting to viewing approvals
2025-11-19 15:58:20,845 - root - INFO - Successfuly displayed approvals
2025-11-19 15:58:57,793 - root - INFO - Exiting login
2025-11-19 15:58:57,800 - root - INFO - LOG END
2025-11-19 16:00:48,793 - root - INFO - LOG START
2025-11-19 16:00:48,794 - root - INFO - DB Init
2025-11-19 16:00:48,796 - root - INFO - Created users table
2025-11-19 16:00:48,796 - root - INFO - Created expenses table
2025-11-19 16:00:48,797 - root - INFO - Created approvals table
2025-11-19 16:00:48,797 - root - INFO - Database init successful
2025-11-19 16:00:48,798 - root - INFO - DB connection closed
2025-11-19 16:00:58,351 - root - INFO - Checking users table for valid credentials
2025-11-19 16:00:58,353 - root - INFO - Successfully found employee credentials
2025-11-19 16:01:07,096 - root - INFO - Checking users table for valid credentials
2025-11-19 16:01:07,098 - root - WARNING - Username not found in database
2025-11-19 16:01:26,070 - root - INFO - Checking users table for valid credentials
2025-11-19 16:01:26,072 - root - INFO - Successfully found employee credentials
2025-11-19 16:01:30,314 - root - INFO - Employee viewing existing expenses
2025-11-19 16:01:58,197 - root - INFO - Checking users table for valid credentials
2025-11-19 16:01:58,199 - root - WARNING - Username not found in database
2025-11-19 16:02:13,387 - root - INFO - Checking users table for valid credentials
2025-11-19 16:02:13,389 - root - INFO - Successfully found employee credentials
2025-11-19 16:02:15,288 - root - INFO - Employee viewing existing expenses
2025-11-19 16:02:24,633 - root - INFO - Employee attempting to viewing approvals
2025-11-19 16:02:24,633 - root - INFO - Successfuly displayed approvals
2025-11-19 16:02:27,898 - root - INFO - Employee viewing existing expenses
2025-11-19 16:02:30,317 - root - INFO - Employee entering new data for edit expense
2025-11-19 16:02:30,317 - root - WARNING - No expense found with specified ID and user ID
2025-11-19 16:02:53,847 - root - INFO - Exiting login
2025-11-19 16:02:53,854 - root - INFO - LOG END
2025-11-19 16:05:23,699 - root - INFO - LOG START
2025-11-19 16:05:23,700 - root - INFO - DB Init
2025-11-19 16:05:23,702 - root - INFO - Created users table
2025-11-19 16:05:23,703 - root - INFO - Created expenses table
2025-11-19 16:05:23,703 - root - INFO - Created approvals table
2025-11-19 16:05:23,703 - root - INFO - Database init successful
2025-11-19 16:05:23,704 - root - INFO - DB connection closed
2025-11-19 16:05:38,346 - root - INFO - Checking users table for valid credentials
2025-11-19 16:05:38,348 - root - INFO - Successfully found employee credentials
2025-11-19 16:05:42,228 - root - INFO - Employee viewing existing expenses
2025-11-19 16:06:09,519 - root - INFO - Employee entering new data for edit expense
2025-11-19 16:06:09,520 - root - INFO - Expense for edit found
2025-11-19 16:06:24,076 - root - INFO - Successfully edited expense
2025-11-19 16:06:27,611 - root - INFO - Employee viewing existing expenses
2025-11-19 16:06:39,278 - root - INFO - Employee attempting to viewing approvals
2025-11-19 16:06:39,281 - root - INFO - Successfuly displayed approvals
2025-11-19 16:07:12,247 - root - INFO - Exiting login
2025-11-19 16:07:12,254 - root - INFO - LOG END
2025-11-19 16:12:24,616 - root - INFO - LOG START
2025-11-19 16:12:24,617 - root - INFO - DB Init
2025-11-19 16:12:24,618 - root - INFO - Created users table
2025-11-19 16:12:24,619 - root - INFO - Created expenses table
2025-11-19 16:12:24,620 - root - INFO - Created approvals table
2025-11-19 16:12:24,620 - root - INFO - Database init successful
2025-11-19 16:12:24,620 - root - INFO - DB connection closed
2025-11-19 16:12:32,492 - root - INFO - Checking users table for valid credentials
2025-11-19 16:12:32,494 - root - INFO - Successfully found employee credentials
2025-11-19 16:12:40,580 - root - INFO - Employee entering new data for edit expense
2025-11-19 16:12:40,580 - root - WARNING - No expense found with specified ID and user ID
2025-11-19 16:15:33,417 - root - INFO - Exiting login
2025-11-19 16:15:33,423 - root - INFO - LOG END
2025-11-19 16:25:09,810 - root - INFO - LOG START
2025-11-19 16:25:09,820 - root - INFO - LOG END
2025-11-19 16:26:32,185 - root - INFO - LOG START
2025-11-19 16:26:39,752 - root - INFO - Checking users table for valid credentials
2025-11-19 16:26:39,754 - root - INFO - Successfully found employee credentials
2025-11-19 16:26:41,197 - root - INFO - Employee viewing existing expenses
2025-11-19 16:26:41,218 - root - INFO - LOG END
2025-11-19 16:28:07,972 - root - INFO - LOG START
2025-11-19 16:28:15,407 - root - INFO - Checking users table for valid credentials
2025-11-19 16:28:15,409 - root - INFO - Successfully found employee credentials
2025-11-19 16:28:16,588 - root - INFO - Employee viewing existing expenses
2025-11-19 16:28:16,603 - root - INFO - LOG END
2025-11-19 16:30:25,521 - root - INFO - LOG START
2025-11-19 16:30:30,971 - root - INFO - Checking users table for valid credentials
2025-11-19 16:30:30,974 - root - INFO - Successfully found employee credentials
2025-11-19 16:30:32,385 - root - INFO - Employee viewing existing expenses
2025-11-19 16:32:22,447 - root - INFO - Exiting login
2025-11-19 16:32:22,453 - root - INFO - LOG END
2025-11-19 16:32:24,402 - root - INFO - LOG START
2025-11-19 16:32:30,784 - root - INFO - Checking users table for valid credentials
2025-11-19 16:32:30,786 - root - INFO - Successfully found employee credentials
2025-11-19 16:32:32,884 - root - INFO - Employee viewing existing expenses
2025-11-19 16:32:49,489 - root - INFO - Exiting login
2025-11-19 16:32:49,495 - root - INFO - LOG END
2025-11-19 16:36:00,107 - root - INFO - LOG START
2025-11-19 16:36:06,978 - root - INFO - Checking users table for valid credentials
2025-11-19 16:36:06,981 - root - INFO - Successfully found employee credentials
2025-11-19 16:36:09,581 - root - INFO - Employee attempting to viewing approvals
2025-11-19 16:36:09,583 - root - INFO - Successfuly displayed approvals
2025-11-19 16:36:12,434 - root - INFO - Exiting login
2025-11-19 16:36:12,441 - root - INFO - LOG END
2025-11-19 16:42:39,777 - root - INFO - LOG START
2025-11-19 16:42:53,852 - root - INFO - Checking users table for valid credentials
2025-11-19 16:42:53,855 - root - INFO - Successfully found employee credentials
2025-11-19 16:42:57,000 - root - INFO - Employee attempting to viewing approvals
2025-11-19 16:42:57,003 - root - INFO - Successfuly displayed approvals
2025-11-19 16:43:26,886 - root - INFO - Exiting login
2025-11-19 16:43:26,893 - root - INFO - LOG END
2025-11-20 16:31:16,991 - root - INFO - LOG START
2025-11-20 16:31:20,986 - root - INFO - Exiting login
2025-11-20 16:31:20,990 - root - INFO - LOG END
2025-11-20 16:31:45,620 - root - INFO - LOG START
2025-11-20 16:31:56,534 - root - INFO - Checking users table for valid credentials
2025-11-20 16:31:56,540 - root - INFO - Successfully found employee credentials
2025-11-20 16:32:00,863 - root - INFO - Employee viewing existing expenses
2025-11-20 16:32:00,866 - root - INFO - Successfully showed existing user expenses
2025-11-20 16:32:11,923 - root - INFO - Deleting expense based on ID
2025-11-20 16:33:53,423 - root - INFO - Employee viewing existing expenses
2025-11-20 16:33:53,424 - root - INFO - Successfully showed existing user expenses
2025-11-20 16:34:01,047 - root - INFO - Deleting expense based on ID
2025-11-20 16:37:51,567 - root - INFO - Exiting login
2025-11-20 16:37:51,571 - root - INFO - LOG END
2025-11-20 16:38:00,023 - root - INFO - LOG START
2025-11-20 16:38:01,753 - root - ERROR - Value error for login choice input
2025-11-20 16:38:12,625 - root - INFO - Checking users table for valid credentials
2025-11-20 16:38:12,626 - root - INFO - Successfully found employee credentials
2025-11-20 16:38:14,676 - root - INFO - Employee viewing existing expenses
2025-11-20 16:38:14,677 - root - INFO - Successfully showed existing user expenses
2025-11-20 16:38:21,708 - root - INFO - Deleting expense based on ID
2025-11-20 16:38:21,708 - root - ERROR - SQL Error occured in deletion
2025-11-20 16:39:01,468 - root - ERROR - Invalid input for deleteExpense
2025-11-20 16:39:20,741 - root - INFO - Exiting login
2025-11-20 16:39:20,745 - root - INFO - LOG END
2025-11-20 16:40:43,350 - root - INFO - LOG START
2025-11-20 16:40:51,046 - root - INFO - Checking users table for valid credentials
2025-11-20 16:40:51,047 - root - INFO - Successfully found employee credentials
2025-11-20 16:40:56,273 - root - ERROR - Invalid input for expenseID in edit expense
2025-11-20 16:45:25,384 - root - INFO - Exiting login
2025-11-20 16:45:25,388 - root - INFO - LOG END
2025-11-20 16:45:27,636 - root - INFO - LOG START
2025-11-20 16:45:34,618 - root - INFO - Checking users table for valid credentials
2025-11-20 16:45:34,619 - root - INFO - Successfully found employee credentials
2025-11-20 16:45:36,512 - root - INFO - Employee viewing existing expenses
2025-11-20 16:45:36,514 - root - INFO - Successfully showed existing user expenses
2025-11-20 16:45:39,855 - root - INFO - Deleting expense based on ID
2025-11-20 16:45:39,855 - root - ERROR - SQL Error occured in deletion
2025-11-20 16:46:02,182 - root - INFO - Exiting login
2025-11-20 16:46:02,185 - root - INFO - LOG END
2025-11-21 09:05:41,106 - root - INFO - LOG START
2025-11-21 09:05:49,114 - root - INFO - Checking users table for valid credentials
2025-11-21 09:05:49,125 - root - INFO - Successfully found employee credentials
2025-11-21 09:05:52,397 - root - INFO - Employee attempting to viewing approvals
2025-11-21 09:05:52,412 - root - INFO - LOG END
2025-11-21 09:06:29,811 - root - INFO - LOG START
2025-11-21 09:06:37,138 - root - INFO - Checking users table for valid credentials
2025-11-21 09:06:37,140 - root - INFO - Successfully found employee credentials
2025-11-21 09:06:40,346 - root - INFO - Employee attempting to viewing approvals
2025-11-21 09:06:40,358 - root - INFO - LOG END
2025-11-21 09:07:50,543 - root - INFO - LOG START
2025-11-21 09:07:57,687 - root - INFO - Checking users table for valid credentials
2025-11-21 09:07:57,690 - root - INFO - Successfully found employee credentials
2025-11-21 09:07:59,684 - root - INFO - Employee attempting to viewing approvals
2025-11-21 09:07:59,688 - root - INFO - Successfuly displayed approvals
2025-11-21 09:08:06,523 - root - INFO - Exiting login
2025-11-21 09:08:06,529 - root - INFO - LOG END
2025-11-21 09:08:39,536 - root - INFO - LOG START
2025-11-21 09:08:47,136 - root - INFO - Checking users table for valid credentials
2025-11-21 09:08:47,138 - root - INFO - Successfully found employee credentials
2025-11-21 09:08:49,176 - root - INFO - Employee viewing existing expenses
2025-11-21 09:08:49,179 - root - INFO - Successfully showed existing user expenses
2025-11-21 09:08:53,282 - root - INFO - Exiting login
2025-11-21 09:08:53,288 - root - INFO - LOG END
2025-11-21 10:30:59,463 - root - INFO - LOG START
2025-11-21 10:31:05,133 - root - INFO - Exiting login
2025-11-21 10:31:05,138 - root - INFO - LOG END
2025-11-21 16:06:39,779 - root - INFO - LOG START
2025-11-21 16:06:48,495 - root - ERROR - Value error for login choice input
2025-11-21 16:06:56,739 - root - INFO - Checking users table for valid credentials
2025-11-21 16:06:56,741 - root - WARNING - Username not found in database
2025-11-21 16:07:00,595 - root - INFO - Exiting login
2025-11-21 16:07:00,603 - root - INFO - LOG END
2025-11-21 16:10:35,800 - root - INFO - LOG START
2025-11-21 16:10:47,046 - root - INFO - Checking users table for valid credentials
2025-11-21 16:10:47,048 - root - INFO - Successfully found employee credentials
2025-11-21 16:11:00,571 - root - INFO - Employee viewing existing expenses
2025-11-21 16:11:00,575 - root - INFO - Successfully showed existing user expenses
2025-11-21 16:11:09,762 - root - INFO - Employee attempting to viewing approvals
2025-11-21 16:11:09,764 - root - INFO - Successfuly displayed approvals
2025-11-21 16:11:38,798 - root - WARNING - Invalid input for amount field in new expense
2025-11-21 16:11:51,269 - root - WARNING - Invalid input for amount field in new expense
2025-11-21 16:12:11,760 - root - INFO - Exiting login
2025-11-21 16:12:11,766 - root - INFO - LOG END
2025-11-21 16:12:38,322 - root - INFO - LOG START
2025-11-21 16:12:46,508 - root - WARNING - Invalid number input for login choice
2025-11-21 16:13:04,244 - root - INFO - Exiting login
2025-11-21 16:13:04,250 - root - INFO - LOG END
2025-11-21 16:13:08,127 - root - INFO - LOG START
2025-11-21 16:13:10,251 - root - WARNING - Invalid number input for login choice
2025-11-21 16:13:12,993 - root - ERROR - Value error for login choice input
2025-11-21 16:13:50,778 - root - INFO - Exiting login
2025-11-21 16:13:50,785 - root - INFO - LOG END
2025-11-21 16:13:52,893 - root - INFO - LOG START
2025-11-21 16:13:55,068 - root - WARNING - Invalid number input for login choice
2025-11-21 16:13:56,499 - root - ERROR - Value error for login choice input
2025-11-21 16:14:08,411 - root - INFO - Checking users table for valid credentials
2025-11-21 16:14:08,413 - root - WARNING - Username not found in database
2025-11-21 16:14:40,483 - root - INFO - Checking users table for valid credentials
2025-11-21 16:14:40,485 - root - INFO - Successfully found employee credentials
2025-11-21 16:14:47,506 - root - WARNING - Invalid input for description in submit expense
2025-11-21 16:15:25,493 - root - INFO - Exiting login
2025-11-21 16:15:25,500 - root - INFO - LOG END
2025-11-21 16:15:27,876 - root - INFO - LOG START
2025-11-21 16:15:35,593 - root - INFO - Checking users table for valid credentials
2025-11-21 16:15:35,595 - root - INFO - Successfully found employee credentials
2025-11-21 16:15:38,053 - root - INFO - Employee viewing existing expenses
2025-11-21 16:15:38,056 - root - INFO - Successfully showed existing user expenses
2025-11-21 16:16:19,162 - root - INFO - Entering new data for expenses
2025-11-21 16:16:29,445 - root - INFO - Employee successfully submitted new expense
2025-11-21 16:16:42,263 - root - INFO - Employee viewing existing expenses
2025-11-21 16:16:42,266 - root - INFO - Successfully showed existing user expenses
2025-11-21 16:17:24,995 - root - INFO - Exiting login
2025-11-21 16:17:25,002 - root - INFO - LOG END
2025-11-21 16:18:34,092 - root - INFO - LOG START
2025-11-21 16:18:43,798 - root - INFO - Checking users table for valid credentials
2025-11-21 16:18:43,800 - root - INFO - Successfully found employee credentials
2025-11-21 16:18:52,661 - root - INFO - Entering new data for expenses
2025-11-21 16:18:57,876 - root - WARNING - Invalid input for year field in new expense
2025-11-21 16:19:19,181 - root - INFO - Entering new data for expenses
2025-11-21 16:19:29,558 - root - WARNING - Invalid input for month in new expense
2025-11-21 16:24:07,647 - root - INFO - Exiting login
2025-11-21 16:24:07,654 - root - INFO - LOG END
2025-11-21 16:24:09,701 - root - INFO - LOG START
2025-11-21 16:24:16,179 - root - INFO - Checking users table for valid credentials
2025-11-21 16:24:16,181 - root - INFO - Successfully found employee credentials
2025-11-21 16:24:20,541 - root - INFO - Employee viewing existing expenses
2025-11-21 16:24:20,544 - root - INFO - Successfully showed existing user expenses
2025-11-21 16:24:30,137 - root - INFO - Deleting expense based on ID
2025-11-21 16:24:30,138 - root - ERROR - SQL Error occured in deletion
2025-11-21 16:27:39,282 - root - INFO - Exiting login
2025-11-21 16:27:39,289 - root - INFO - LOG END
2025-11-21 16:27:41,229 - root - INFO - LOG START
2025-11-21 16:27:49,680 - root - INFO - Checking users table for valid credentials
2025-11-21 16:27:49,683 - root - INFO - Successfully found employee credentials
2025-11-21 16:27:52,007 - root - INFO - Employee viewing existing expenses
2025-11-21 16:27:52,011 - root - INFO - Successfully showed existing user expenses
2025-11-21 16:28:02,289 - root - INFO - Deleting expense based on ID
2025-11-21 16:28:19,141 - root - INFO - Exiting login
2025-11-21 16:28:19,148 - root - INFO - LOG END
2025-11-21 16:32:47,040 - root - INFO - LOG START
2025-11-21 16:32:50,277 - root - INFO - Exiting login
2025-11-21 16:32:50,283 - root - INFO - LOG END
2025-11-21 16:33:13,051 - root - INFO - LOG START
2025-11-21 16:33:15,335 - root - INFO - Exiting login
2025-11-21 16:33:15,341 - root - INFO - LOG END
2025-11-21 16:33:19,557 - root - INFO - LOG START
2025-11-21 16:33:28,692 - root - INFO - Checking users table for valid credentials
2025-11-21 16:33:28,694 - root - INFO - Successfully found employee credentials
2025-11-21 16:33:38,086 - root - INFO - Entering new data for expenses
2025-11-21 16:33:50,984 - root - INFO - Employee successfully submitted new expense
2025-11-21 16:33:56,596 - root - INFO - Employee viewing existing expenses
2025-11-21 16:33:56,600 - root - INFO - Successfully showed existing user expenses
2025-11-21 16:34:08,690 - root - INFO - Deleting expense based on ID
2025-11-21 16:34:21,721 - root - INFO - Deletion successful
2025-11-21 16:34:24,934 - root - INFO - Employee viewing existing expenses
2025-11-21 16:34:24,936 - root - INFO - Successfully showed existing user expenses
2025-11-21 16:34:30,294 - root - INFO - Exiting login
2025-11-21 16:34:30,301 - root - INFO - LOG END
2025-11-21 16:40:26,134 - root - INFO - LOG START
2025-11-21 16:40:34,019 - root - INFO - Checking users table for valid credentials
2025-11-21 16:40:34,022 - root - INFO - Successfully found employee credentials
2025-11-21 16:40:40,100 - root - INFO - Entering new data for expenses
2025-11-21 16:40:44,467 - root - INFO - Employee successfully submitted new expense
2025-11-21 16:40:46,158 - root - INFO - Employee viewing existing expenses
2025-11-21 16:40:46,163 - root - INFO - Successfully showed existing user expenses
2025-11-21 16:40:55,899 - root - INFO - Deleting expense based on ID
2025-11-21 16:41:00,672 - root - INFO - Deletion aborted
2025-11-21 16:41:09,274 - root - INFO - Exiting login
2025-11-21 16:41:09,281 - root - INFO - LOG END
2025-11-21 21:31:26,781 - root - INFO - LOG START
2025-11-21 21:31:32,923 - root - INFO - Checking users table for valid credentials
2025-11-21 21:31:32,946 - root - INFO - Successfully found employee credentials
2025-11-21 21:31:38,120 - root - INFO - Employee entering new data for edit expense
2025-11-21 21:31:38,121 - root - WARNING - No expense found with specified ID and user ID
2025-11-21 21:31:38,122 - root - ERROR - SQL Error occured in edit
2025-11-21 21:31:41,041 - root - INFO - Employee viewing existing expenses
2025-11-21 21:31:41,049 - root - INFO - Successfully showed existing user expenses
2025-11-21 21:32:08,096 - root - INFO - Employee entering new data for edit expense
2025-11-21 21:32:08,097 - root - INFO - Expense for edit found
2025-11-21 21:32:23,770 - root - INFO - Successfully edited expense
2025-11-21 21:32:26,285 - root - INFO - Employee viewing existing expenses
2025-11-21 21:32:26,288 - root - INFO - Successfully showed existing user expenses
2025-11-21 21:32:35,278 - root - INFO - Exiting login
2025-11-21 21:32:35,287 - root - INFO - LOG END
2025-11-21 21:34:28,459 - root - INFO - LOG START
2025-11-21 21:34:37,831 - root - INFO - Checking users table for valid credentials
2025-11-21 21:34:37,833 - root - INFO - Successfully found employee credentials
2025-11-21 21:34:44,737 - root - INFO - LOG END
2025-11-21 21:35:24,195 - root - INFO - LOG START
2025-11-21 21:35:32,516 - root - INFO - Checking users table for valid credentials
2025-11-21 21:35:32,518 - root - INFO - Successfully found employee credentials
2025-11-21 21:35:34,950 - root - INFO - Employee viewing existing expenses
2025-11-21 21:35:34,953 - root - INFO - Successfully showed existing user expenses
2025-11-21 21:35:42,744 - root - INFO - Employee entering new data for edit expense
2025-11-21 21:35:42,744 - root - INFO - Expense for edit found
2025-11-21 21:35:50,818 - root - INFO - Employee viewing existing expenses
2025-11-21 21:35:50,821 - root - INFO - Successfully showed existing user expenses
2025-11-21 21:36:00,603 - root - INFO - Employee entering new data for edit expense
2025-11-21 21:36:00,604 - root - INFO - Expense for edit found
2025-11-21 21:36:09,463 - root - WARNING - Invalid input for edit expense year
2025-11-21 21:36:09,464 - root - ERROR - Invalid error for field selection in edit expense
2025-11-21 21:36:27,600 - root - WARNING - Invalid input for edit expense month
2025-11-21 21:36:27,601 - root - ERROR - Invalid error for field selection in edit expense
2025-11-21 21:36:35,566 - root - INFO - Exiting login
2025-11-21 21:36:35,573 - root - INFO - LOG END
2025-11-21 21:46:40,517 - root - INFO - LOG START
2025-11-21 21:46:48,061 - root - INFO - Checking users table for valid credentials
2025-11-21 21:46:48,063 - root - INFO - Successfully found employee credentials
2025-11-21 21:46:50,116 - root - INFO - Employee viewing existing expenses
2025-11-21 21:46:50,120 - root - INFO - Successfully showed existing user expenses
2025-11-21 21:46:55,758 - root - INFO - Employee entering new data for edit expense
2025-11-21 21:46:55,758 - root - INFO - Expense for edit found
2025-11-21 21:47:07,394 - root - ERROR - Invalid error for field selection in edit expense
2025-11-21 21:47:20,002 - root - INFO - Exiting login
2025-11-21 21:47:20,009 - root - INFO - LOG END
2025-11-21 21:49:13,890 - root - INFO - LOG START
2025-11-21 21:49:20,738 - root - INFO - Checking users table for valid credentials
2025-11-21 21:49:20,740 - root - INFO - Successfully found employee credentials
2025-11-21 21:49:22,432 - root - INFO - Employee viewing existing expenses
2025-11-21 21:49:22,436 - root - INFO - Successfully showed existing user expenses
2025-11-21 21:49:25,129 - root - INFO - Employee entering new data for edit expense
2025-11-21 21:49:25,129 - root - INFO - Expense for edit found
2025-11-21 21:49:36,393 - root - ERROR - Invalid error for field selection in edit expense
2025-11-21 21:50:09,730 - root - INFO - Exiting login
2025-11-21 21:50:09,737 - root - INFO - LOG END
2025-11-21 21:51:03,396 - root - INFO - LOG START
2025-11-21 21:51:09,880 - root - INFO - Checking users table for valid credentials
2025-11-21 21:51:09,882 - root - INFO - Successfully found employee credentials
2025-11-21 21:51:11,263 - root - INFO - Employee viewing existing expenses
2025-11-21 21:51:11,267 - root - INFO - Successfully showed existing user expenses
2025-11-21 21:51:17,535 - root - INFO - Employee entering new data for edit expense
2025-11-21 21:51:17,536 - root - INFO - Expense for edit found
2025-11-21 21:51:25,906 - root - ERROR - Invalid error for field selection in edit expense
2025-11-21 21:55:36,310 - root - INFO - Edit expense canceled
2025-11-21 21:55:39,202 - root - INFO - Exiting login
2025-11-21 21:55:39,209 - root - INFO - LOG END
2025-11-21 21:55:47,643 - root - INFO - LOG START
2025-11-21 21:55:53,927 - root - INFO - Checking users table for valid credentials
2025-11-21 21:55:53,929 - root - INFO - Successfully found employee credentials
2025-11-21 21:55:56,175 - root - INFO - Employee viewing existing expenses
2025-11-21 21:55:56,179 - root - INFO - Successfully showed existing user expenses
2025-11-21 21:55:59,905 - root - INFO - Employee entering new data for edit expense
2025-11-21 21:55:59,905 - root - INFO - Expense for edit found
2025-11-21 21:56:12,569 - root - ERROR - Invalid error for field selection in edit expense
2025-11-21 21:56:35,911 - root - INFO - Edit expense canceled
2025-11-21 21:56:37,817 - root - INFO - Exiting login
2025-11-21 21:56:37,824 - root - INFO - LOG END
2025-11-21 21:58:21,206 - root - INFO - LOG START
2025-11-21 21:58:30,703 - root - INFO - Checking users table for valid credentials
2025-11-21 21:58:30,706 - root - INFO - Successfully found employee credentials
2025-11-21 21:58:53,665 - root - INFO - Entering new data for expenses
2025-11-21 21:59:17,553 - root - INFO - Entering new data for expenses
2025-11-21 21:59:26,786 - root - INFO - Employee viewing existing expenses
2025-11-21 21:59:26,789 - root - INFO - Successfully showed existing user expenses
2025-11-21 21:59:37,390 - root - INFO - Employee viewing existing expenses
2025-11-21 21:59:37,393 - root - INFO - Successfully showed existing user expenses
2025-11-21 21:59:43,977 - root - INFO - Employee entering new data for edit expense
2025-11-21 21:59:43,978 - root - INFO - Expense for edit found
2025-11-21 21:59:51,524 - root - INFO - Successfully edited expense
2025-11-21 21:59:53,717 - root - INFO - Employee viewing existing expenses
2025-11-21 21:59:53,720 - root - INFO - Successfully showed existing user expenses
2025-11-21 22:00:30,650 - root - INFO - Employee viewing existing expenses
2025-11-21 22:00:30,652 - root - INFO - Successfully showed existing user expenses
2025-11-21 22:00:33,540 - root - INFO - Employee entering new data for edit expense
2025-11-21 22:00:33,541 - root - WARNING - No expense found with specified ID and user ID
2025-11-21 22:00:33,542 - root - ERROR - SQL Error occured in edit
2025-11-21 22:00:40,398 - root - INFO - Exiting login
2025-11-21 22:00:40,405 - root - INFO - LOG END
2025-11-23 01:16:33,697 - root - INFO - LOG START
2025-11-23 01:16:46,053 - root - INFO - Checking users table for valid credentials
2025-11-23 01:16:46,065 - root - INFO - Successfully found employee credentials
2025-11-23 01:16:47,738 - root - INFO - Employee viewing existing expenses
2025-11-23 01:16:47,745 - root - INFO - Successfully showed existing user expenses
2025-11-23 01:16:56,729 - root - INFO - Employee viewing existing expenses
2025-11-23 01:16:56,731 - root - INFO - Successfully showed existing user expenses
2025-11-23 01:17:02,862 - root - INFO - Deleting expense based on ID
2025-11-23 01:17:11,298 - root - INFO - Employee attempting to viewing approvals
2025-11-23 01:17:11,300 - root - INFO - Successfuly displayed approvals
2025-11-23 01:17:18,224 - root - INFO - Exiting login
2025-11-23 01:17:18,232 - root - INFO - LOG END
2025-11-25 20:28:51,730 - root - INFO - LOG START
2025-11-25 20:29:03,428 - root - INFO - Checking users table for valid credentials
2025-11-25 20:29:03,439 - root - INFO - Successfully found employee credentials
2025-11-25 20:29:22,448 - root - INFO - Employee viewing existing expenses
2025-11-25 20:29:22,453 - root - INFO - Successfully showed existing user expenses
2025-11-25 20:30:09,437 - root - INFO - Entering new data for expenses
2025-11-25 20:30:23,574 - root - INFO - Employee successfully submitted new expense
2025-11-25 20:30:25,311 - root - INFO - Employee viewing existing expenses
2025-11-25 20:30:25,315 - root - INFO - Successfully showed existing user expenses
2025-11-25 20:30:33,728 - root - INFO - Employee attempting to viewing approvals
2025-11-25 20:30:33,731 - root - INFO - Successfuly displayed approvals
2025-11-25 20:31:29,237 - root - INFO - Employee attempting to viewing approvals
2025-11-25 20:31:29,240 - root - INFO - Successfuly displayed approvals
2025-11-25 20:31:43,460 - root - INFO - Employee attempting to viewing approvals
2025-11-25 20:31:43,462 - root - INFO - Successfuly displayed approvals
2025-11-25 20:32:12,153 - root - INFO - Exiting login
2025-11-25 20:32:12,159 - root - INFO - LOG END
2025-11-29 14:56:44,014 - root - INFO - LOG START
2025-11-29 14:56:54,223 - root - INFO - Checking users table for valid credentials
2025-11-29 14:56:54,243 - root - INFO - Successfully found employee credentials
2025-11-29 14:57:13,373 - root - INFO - Entering new data for expenses
2025-11-29 14:57:20,321 - root - INFO - LOG END
2025-11-29 14:58:22,083 - root - INFO - LOG START
2025-11-29 14:58:28,792 - root - INFO - Checking users table for valid credentials
2025-11-29 14:58:28,794 - root - INFO - Successfully found employee credentials
2025-11-29 14:58:36,191 - root - INFO - Entering new data for expenses
2025-11-29 14:58:41,899 - root - INFO - Employee successfully submitted new expense
2025-11-29 14:58:45,135 - root - INFO - Employee viewing existing expenses
2025-11-29 14:58:45,138 - root - INFO - Successfully showed existing user expenses
2025-11-29 14:59:00,203 - root - INFO - Exiting login
2025-11-29 14:59:00,203 - root - INFO - LOG END
2025-11-29 15:20:20,956 - root - INFO - LOG START
2025-11-29 15:20:28,070 - root - INFO - Checking users table for valid credentials
2025-11-29 15:20:28,072 - root - INFO - Successfully found employee credentials
2025-11-29 15:20:29,234 - root - INFO - Employee viewing existing expenses
2025-11-29 15:20:29,247 - root - INFO - LOG END
2025-11-29 15:21:02,979 - root - INFO - LOG START
2025-11-29 15:21:09,635 - root - INFO - Checking users table for valid credentials
2025-11-29 15:21:09,637 - root - INFO - Successfully found employee credentials
2025-11-29 15:21:10,576 - root - INFO - Employee viewing existing expenses
2025-11-29 15:21:10,580 - root - INFO - Successfully showed existing user expenses
2025-11-29 15:21:27,518 - root - INFO - Exiting login
2025-11-29 15:21:27,519 - root - INFO - LOG END
2025-11-29 15:27:43,135 - root - INFO - LOG START
2025-11-29 15:27:53,641 - root - INFO - Checking users table for valid credentials
2025-11-29 15:27:53,643 - root - INFO - Successfully found employee credentials
2025-11-29 15:27:56,853 - root - INFO - Employee viewing existing expenses
2025-11-29 15:27:56,857 - root - INFO - Successfully showed existing user expenses
2025-11-29 15:28:05,324 - root - INFO - Employee viewing existing expenses
2025-11-29 15:28:05,327 - root - INFO - Successfully showed existing user expenses
2025-11-29 15:28:10,510 - root - INFO - Employee entering new data for edit expense
2025-11-29 15:28:10,510 - root - INFO - Expense for edit found
2025-11-29 15:28:22,728 - root - INFO - Edit expense canceled
2025-11-29 15:28:26,011 - root - INFO - Exiting login
2025-11-29 15:28:26,012 - root - INFO - LOG END
2025-11-29 15:59:12,198 - root - INFO - LOG START
2025-11-29 15:59:21,077 - root - INFO - Checking users table for valid credentials
2025-11-29 15:59:21,083 - root - INFO - Successfully found employee credentials
2025-11-29 15:59:25,314 - root - INFO - Employee viewing existing expenses
2025-11-29 15:59:25,316 - root - INFO - Successfully showed existing user expenses
2025-11-29 15:59:30,514 - root - INFO - checking if id is valid
2025-11-29 15:59:30,514 - root - WARNING - No expense found with specified ID and user ID
2025-11-29 15:59:38,379 - root - INFO - Employee viewing existing expenses
2025-11-29 15:59:38,380 - root - INFO - Successfully showed existing user expenses
2025-11-29 15:59:43,016 - root - INFO - checking if id is valid
2025-11-29 15:59:46,584 - root - INFO - Employee viewing existing expenses
2025-11-29 15:59:46,586 - root - INFO - Successfully showed existing user expenses
2025-11-29 15:59:48,463 - root - INFO - checking if id is valid
2025-11-29 16:00:10,431 - root - INFO - Employee viewing existing expenses
2025-11-29 16:00:10,433 - root - INFO - Successfully showed existing user expenses
2025-11-29 16:00:16,266 - root - INFO - checking if id is valid
2025-11-29 16:00:16,266 - root - INFO - Expense for edit found
2025-11-29 16:00:16,266 - root - INFO - checking if id is valid
2025-11-29 16:00:49,622 - root - INFO - Employee viewing existing expenses
2025-11-29 16:00:49,624 - root - INFO - Successfully showed existing user expenses
2025-11-29 16:03:02,596 - root - INFO - Exiting login
2025-11-29 16:03:02,596 - root - INFO - LOG END
2025-11-29 16:03:08,905 - root - INFO - LOG START
2025-11-29 16:03:15,799 - root - INFO - Checking users table for valid credentials
2025-11-29 16:03:15,800 - root - INFO - Successfully found employee credentials
2025-11-29 16:03:17,270 - root - INFO - Employee viewing existing expenses
2025-11-29 16:03:17,272 - root - INFO - Successfully showed existing user expenses
2025-11-29 16:03:21,240 - root - INFO - checking if id is valid
2025-11-29 16:03:21,241 - root - INFO - Expense for edit found
2025-11-29 16:03:21,241 - root - INFO - checking if id is valid
2025-11-29 16:03:27,108 - root - INFO - Successfully edited expense
2025-11-29 16:03:32,010 - root - INFO - Employee viewing existing expenses
2025-11-29 16:03:32,012 - root - INFO - Successfully showed existing user expenses
2025-11-29 16:03:38,546 - root - INFO - Employee viewing existing expenses
2025-11-29 16:03:38,547 - root - INFO - Successfully showed existing user expenses
2025-11-29 16:03:42,017 - root - INFO - checking if id is valid
2025-11-29 16:03:50,289 - root - INFO - Employee viewing existing expenses
2025-11-29 16:03:50,291 - root - INFO - Successfully showed existing user expenses
2025-11-29 16:03:52,206 - root - INFO - checking if id is valid
2025-11-29 16:03:52,206 - root - WARNING - No expense found with specified ID and user ID
2025-11-29 16:03:59,048 - root - INFO - Exiting login
2025-11-29 16:03:59,049 - root - INFO - LOG END
2025-11-29 16:08:03,607 - root - INFO - LOG START
2025-11-29 16:08:10,242 - root - ERROR - Value error for login choice input
2025-11-29 16:08:18,553 - root - INFO - Checking users table for valid credentials
2025-11-29 16:08:18,554 - root - INFO - Successfully found employee credentials
2025-11-29 16:08:23,778 - root - INFO - Employee viewing existing expenses
2025-11-29 16:08:23,780 - root - INFO - Successfully showed existing user expenses
2025-11-29 16:08:31,317 - root - INFO - Employee viewing existing expenses
2025-11-29 16:08:31,318 - root - INFO - Successfully showed existing user expenses
2025-11-29 16:08:40,611 - root - INFO - checking if id is valid
2025-11-29 16:08:40,611 - root - WARNING - No expense found with specified ID and user ID
2025-11-29 16:08:50,732 - root - INFO - Employee viewing existing expenses
2025-11-29 16:08:50,733 - root - INFO - Successfully showed existing user expenses
2025-11-29 16:08:53,575 - root - INFO - checking if id is valid
2025-11-29 16:08:58,044 - root - INFO - Employee viewing existing expenses
2025-11-29 16:08:58,045 - root - INFO - Successfully showed existing user expenses
2025-11-29 16:09:11,110 - root - INFO - checking if id is valid
2025-11-29 16:09:11,111 - root - INFO - Expense for edit found
2025-11-29 16:09:11,111 - root - INFO - checking if id is valid
2025-11-29 16:09:31,966 - root - INFO - Successfully edited expense
2025-11-29 16:09:33,686 - root - INFO - Employee viewing existing expenses
2025-11-29 16:09:33,688 - root - INFO - Successfully showed existing user expenses
2025-11-29 16:10:09,428 - root - INFO - Employee viewing existing expenses
2025-11-29 16:10:09,430 - root - INFO - Successfully showed existing user expenses
2025-11-29 16:10:12,236 - root - INFO - checking if id is valid
2025-11-29 16:10:12,236 - root - INFO - Expense for edit found
2025-11-29 16:10:12,237 - root - INFO - checking if id is valid
2025-11-29 16:10:13,767 - root - ERROR - Invalid error for field selection in edit expense
2025-11-29 16:10:13,768 - root - INFO - checking if id is valid
2025-11-29 16:10:15,012 - root - ERROR - Invalid error for field selection in edit expense
2025-11-29 16:10:15,013 - root - INFO - checking if id is valid
2025-11-29 16:10:15,778 - root - ERROR - Invalid error for field selection in edit expense
2025-11-29 16:10:15,779 - root - INFO - checking if id is valid
2025-11-29 16:11:10,972 - root - WARNING - Invalid input for edit expense year
2025-11-29 16:11:10,972 - root - ERROR - Invalid error for field selection in edit expense
2025-11-29 16:11:10,973 - root - INFO - checking if id is valid
2025-11-29 16:11:25,190 - root - WARNING - Invalid input for edit expense month
2025-11-29 16:11:25,190 - root - ERROR - Invalid error for field selection in edit expense
2025-11-29 16:11:25,191 - root - INFO - checking if id is valid
2025-11-29 16:11:37,902 - root - WARNING - Invalid input for edit expense month
2025-11-29 16:11:37,903 - root - ERROR - Invalid error for field selection in edit expense
2025-11-29 16:11:37,903 - root - INFO - checking if id is valid
2025-11-29 16:11:52,246 - root - WARNING - Invalid input for edit expense day
2025-11-29 16:11:52,246 - root - ERROR - Invalid error for field selection in edit expense
2025-11-29 16:11:52,246 - root - INFO - checking if id is valid
2025-11-29 16:12:12,506 - root - INFO - Edit expense canceled
2025-11-29 16:12:15,075 - root - INFO - Exiting login
2025-11-29 16:12:15,076 - root - INFO - LOG END
2025-11-29 16:22:04,395 - root - INFO - LOG START
2025-11-29 16:22:10,814 - root - INFO - Checking users table for valid credentials
2025-11-29 16:22:10,816 - root - INFO - Successfully found employee credentials
2025-11-29 16:22:18,421 - root - INFO - Entering new data for expenses
2025-11-29 16:22:23,837 - root - INFO - Employee successfully submitted new expense
2025-11-29 16:22:26,392 - root - INFO - Employee viewing existing expenses
2025-11-29 16:22:26,393 - root - INFO - Successfully showed existing user expenses
2025-11-29 16:22:29,698 - root - INFO - checking if id is valid
2025-11-29 16:22:33,979 - root - INFO - Employee viewing existing expenses
2025-11-29 16:22:33,981 - root - INFO - Successfully showed existing user expenses
2025-11-29 16:22:39,038 - root - INFO - checking if id is valid
2025-11-29 16:22:39,038 - root - INFO - Expense for deletion found
2025-11-29 16:22:39,039 - root - INFO - checking if id is valid
2025-11-29 16:22:46,109 - root - INFO - Deletion aborted
2025-11-29 16:22:48,132 - root - INFO - Employee viewing existing expenses
2025-11-29 16:22:48,134 - root - INFO - Successfully showed existing user expenses
2025-11-29 16:22:50,075 - root - INFO - checking if id is valid
2025-11-29 16:22:50,075 - root - INFO - Expense for deletion found
2025-11-29 16:22:50,076 - root - INFO - checking if id is valid
2025-11-29 16:22:52,036 - root - INFO - Deletion successful
2025-11-29 16:22:56,829 - root - INFO - Employee viewing existing expenses
2025-11-29 16:22:56,831 - root - INFO - Successfully showed existing user expenses
2025-11-29 16:24:09,217 - root - INFO - Exiting login
2025-11-29 16:24:09,217 - root - INFO - LOG END
2025-11-29 16:28:45,158 - root - INFO - LOG START
2025-11-29 16:28:53,003 - root - INFO - Checking users table for valid credentials
2025-11-29 16:28:53,004 - root - INFO - Successfully found employee credentials
2025-11-29 16:28:54,769 - root - INFO - Employee attempting to viewing approvals
2025-11-29 16:28:54,771 - root - INFO - Successfuly displayed approvals
2025-11-29 16:29:06,828 - root - INFO - Exiting login
2025-11-29 16:29:06,828 - root - INFO - LOG END
2025-11-29 23:34:42,064 - root - INFO - LOG START
2025-11-29 23:34:50,374 - root - INFO - Checking users table for valid credentials
2025-11-29 23:34:50,389 - root - INFO - Successfully found employee credentials
2025-11-29 23:34:53,205 - root - INFO - Employee viewing existing expenses
2025-11-29 23:34:53,208 - root - INFO - Successfully showed existing user expenses
2025-11-29 23:34:58,117 - root - INFO - Employee attempting to viewing approvals
2025-11-29 23:34:58,119 - root - INFO - Successfuly displayed approvals
2025-11-29 23:35:06,619 - root - INFO - Exiting login
2025-11-29 23:35:06,620 - root - INFO - LOG END
2025-11-29 23:36:23,410 - root - INFO - LOG START
2025-11-29 23:36:30,484 - root - INFO - Checking users table for valid credentials
2025-11-29 23:36:30,493 - root - INFO - LOG END
2025-11-29 23:40:17,587 - root - INFO - LOG START
2025-11-29 23:40:28,765 - root - INFO - Checking users table for valid credentials
2025-11-29 23:40:28,767 - root - INFO - Successfully found employee credentials
2025-11-29 23:40:33,779 - root - INFO - Checking users table for valid credentials
2025-11-29 23:40:33,781 - root - WARNING - Username not found in database
2025-11-29 23:40:45,533 - root - INFO - Exiting login
2025-11-29 23:40:45,533 - root - INFO - LOG END
2025-11-29 23:41:21,120 - root - INFO - LOG START
2025-11-29 23:41:24,667 - root - INFO - Checking users table for valid credentials
2025-11-29 23:41:24,669 - root - WARNING - Username not found in database
2025-11-29 23:41:31,895 - root - INFO - Checking users table for valid credentials
2025-11-29 23:41:31,896 - root - INFO - Successfully found employee credentials
2025-11-29 23:41:38,104 - root - INFO - Exiting login
2025-11-29 23:41:38,104 - root - INFO - LOG END
2025-11-29 23:45:57,864 - root - INFO - LOG START
2025-11-29 23:46:05,785 - root - INFO - Checking users table for valid credentials
2025-11-29 23:46:05,798 - root - INFO - LOG END
2025-11-29 23:46:33,377 - root - INFO - LOG START
2025-11-29 23:46:40,280 - root - INFO - Checking users table for valid credentials
2025-11-29 23:46:40,292 - root - INFO - LOG END
2025-11-29 23:47:32,162 - root - INFO - LOG START
2025-11-29 23:47:48,543 - root - INFO - Checking users table for valid credentials
2025-11-29 23:47:48,723 - root - INFO - Successfully found employee credentials
2025-11-29 23:47:55,728 - root - INFO - Employee viewing existing expenses
2025-11-29 23:47:55,731 - root - INFO - Successfully showed existing user expenses
2025-11-29 23:48:00,439 - root - INFO - Exiting login
2025-11-29 23:48:00,440 - root - INFO - LOG END
2025-11-29 23:49:17,527 - root - INFO - LOG START
2025-11-29 23:49:24,664 - root - INFO - Checking users table for valid credentials
2025-11-29 23:49:24,754 - root - INFO - Successfully found employee credentials
2025-11-29 23:49:25,944 - root - INFO - Employee viewing existing expenses
2025-11-29 23:49:25,947 - root - INFO - Successfully showed existing user expenses
2025-11-29 23:49:37,091 - root - INFO - Exiting login
2025-11-29 23:49:37,091 - root - INFO - LOG END
2025-11-29 23:50:18,797 - root - INFO - LOG START
2025-11-29 23:50:25,394 - root - INFO - Checking users table for valid credentials
2025-11-29 23:50:25,481 - root - INFO - Successfully found employee credentials
2025-11-29 23:50:35,503 - root - INFO - Entering new data for expenses
2025-11-29 23:50:45,863 - root - INFO - Employee successfully submitted new expense
2025-11-29 23:50:51,063 - root - INFO - Employee viewing existing expenses
2025-11-29 23:50:51,066 - root - INFO - Successfully showed existing user expenses
2025-11-29 23:50:59,828 - root - INFO - Exiting login
2025-11-29 23:50:59,828 - root - INFO - LOG END
2025-11-29 23:51:35,149 - root - INFO - LOG START
2025-11-29 23:51:52,805 - root - INFO - Checking users table for valid credentials
2025-11-29 23:51:52,892 - root - INFO - Successfully found employee credentials
2025-11-29 23:51:54,781 - root - INFO - Employee viewing existing expenses
2025-11-29 23:51:54,782 - root - INFO - Successfully showed existing user expenses
2025-11-29 23:52:02,183 - root - INFO - Employee viewing existing expenses
2025-11-29 23:52:02,184 - root - INFO - Successfully showed existing user expenses
2025-11-29 23:52:04,467 - root - INFO - checking if id is valid
2025-11-29 23:52:04,468 - root - WARNING - No expense found with specified ID and user ID
2025-11-29 23:52:09,740 - root - INFO - Exiting login
2025-11-29 23:52:09,740 - root - INFO - LOG END
2025-11-29 23:54:48,201 - root - INFO - LOG START
2025-11-29 23:54:56,410 - root - INFO - Checking users table for valid credentials
2025-11-29 23:54:56,500 - root - INFO - Successfully found employee credentials
2025-11-29 23:54:59,839 - root - INFO - Employee viewing existing expenses
2025-11-29 23:54:59,842 - root - INFO - Successfully showed existing user expenses
2025-11-29 23:55:21,957 - root - INFO - Entering new data for expenses
2025-11-29 23:55:35,105 - root - INFO - Employee successfully submitted new expense
2025-11-29 23:55:36,834 - root - INFO - Employee viewing existing expenses
2025-11-29 23:55:36,837 - root - INFO - Successfully showed existing user expenses
2025-11-29 23:55:45,656 - root - INFO - Entering new data for expenses
2025-11-29 23:55:50,383 - root - INFO - Employee successfully submitted new expense
2025-11-29 23:55:52,031 - root - INFO - Employee viewing existing expenses
2025-11-29 23:55:52,034 - root - INFO - Successfully showed existing user expenses
2025-11-29 23:56:04,672 - root - INFO - Employee viewing existing expenses
2025-11-29 23:56:04,675 - root - INFO - Successfully showed existing user expenses
2025-11-29 23:56:16,675 - root - INFO - checking if id is valid
2025-11-29 23:56:16,676 - root - INFO - Expense for edit found
2025-11-29 23:56:16,678 - root - INFO - checking if id is valid
2025-11-29 23:56:24,609 - root - INFO - Successfully edited expense
2025-11-29 23:56:27,139 - root - INFO - Employee viewing existing expenses
2025-11-29 23:56:27,142 - root - INFO - Successfully showed existing user expenses
2025-11-29 23:56:31,648 - root - INFO - Employee viewing existing expenses
2025-11-29 23:56:31,651 - root - INFO - Successfully showed existing user expenses
2025-11-29 23:56:33,893 - root - INFO - checking if id is valid
2025-11-29 23:56:33,894 - root - WARNING - No expense found with specified ID and user ID
2025-11-29 23:56:38,568 - root - INFO - Employee viewing existing expenses
2025-11-29 23:56:38,571 - root - INFO - Successfully showed existing user expenses
2025-11-29 23:56:43,975 - root - INFO - checking if id is valid
2025-11-29 23:56:46,889 - root - INFO - Employee viewing existing expenses
2025-11-29 23:56:46,892 - root - INFO - Successfully showed existing user expenses
2025-11-29 23:56:51,136 - root - INFO - checking if id is valid
2025-11-29 23:56:51,137 - root - INFO - Expense for deletion found
2025-11-29 23:56:51,139 - root - INFO - checking if id is valid
2025-11-29 23:56:54,143 - root - INFO - Deletion successful
2025-11-29 23:56:57,055 - root - INFO - Employee viewing existing expenses
2025-11-29 23:56:57,058 - root - INFO - Successfully showed existing user expenses
2025-11-29 23:57:02,985 - root - INFO - Employee attempting to viewing approvals
2025-11-29 23:57:02,988 - root - INFO - Successfuly displayed approvals
2025-11-29 23:57:08,203 - root - INFO - Exiting login
2025-11-29 23:57:08,204 - root - INFO - LOG END
2025-11-30 14:27:59,458 - root - INFO - LOG START
2025-11-30 14:28:10,112 - root - INFO - Checking users table for valid credentials
2025-11-30 14:28:10,237 - root - INFO - Successfully found employee credentials
2025-11-30 14:28:46,113 - root - INFO - Employee viewing existing expenses
2025-11-30 14:28:46,117 - root - INFO - Successfully showed existing user expenses
2025-11-30 14:28:59,710 - root - INFO - Entering new data for expenses
2025-11-30 14:29:07,124 - root - INFO - Employee successfully submitted new expense
2025-11-30 14:29:08,995 - root - INFO - Employee viewing existing expenses
2025-11-30 14:29:08,998 - root - INFO - Successfully showed existing user expenses
2025-11-30 14:30:16,610 - root - INFO - Employee viewing existing expenses
2025-11-30 14:30:16,614 - root - INFO - Successfully showed existing user expenses
2025-11-30 14:30:25,744 - root - INFO - Employee attempting to viewing approvals
2025-11-30 14:30:25,747 - root - INFO - Successfuly displayed approvals
2025-11-30 14:30:37,042 - root - INFO - Employee viewing existing expenses
2025-11-30 14:30:37,045 - root - INFO - Successfully showed existing user expenses
2025-11-30 14:30:39,325 - root - INFO - checking if id is valid
2025-11-30 14:30:42,812 - root - INFO - Employee viewing existing expenses
2025-11-30 14:30:42,815 - root - INFO - Successfully showed existing user expenses
2025-11-30 14:30:44,436 - root - INFO - checking if id is valid
2025-11-30 14:30:48,581 - root - INFO - Employee viewing existing expenses
2025-11-30 14:30:48,584 - root - INFO - Successfully showed existing user expenses
2025-11-30 14:30:52,347 - root - INFO - checking if id is valid
2025-11-30 14:30:52,348 - root - WARNING - No expense found with specified ID and user ID
2025-11-30 14:30:58,016 - root - INFO - Employee viewing existing expenses
2025-11-30 14:30:58,020 - root - INFO - Successfully showed existing user expenses
2025-11-30 14:31:35,163 - root - INFO - Exiting login
2025-11-30 14:31:35,164 - root - INFO - LOG END
2025-12-01 15:21:30,796 - root - INFO - LOG START
2025-12-01 15:21:56,074 - root - INFO - Checking users table for valid credentials
2025-12-01 15:21:56,260 - root - WARNING - Username not found in database
2025-12-01 15:22:00,872 - root - WARNING - Invalid number input for login choice
2025-12-01 15:22:10,654 - root - WARNING - Invalid number input for login choice
2025-12-01 15:22:13,745 - root - ERROR - Value error for login choice input
2025-12-01 15:22:38,498 - root - INFO - Checking users table for valid credentials
2025-12-01 15:22:38,503 - root - INFO - Successfully found employee credentials
2025-12-01 15:22:50,405 - root - INFO - Employee viewing existing expenses
2025-12-01 15:22:50,415 - root - INFO - Successfully showed existing user expenses
2025-12-01 15:23:04,344 - root - INFO - Employee attempting to viewing approvals
2025-12-01 15:23:04,349 - root - INFO - Successfuly displayed approvals
2025-12-01 15:23:20,802 - root - INFO - Employee viewing existing expenses
2025-12-01 15:23:20,807 - root - INFO - Successfully showed existing user expenses
2025-12-01 15:23:26,168 - root - INFO - checking if id is valid
2025-12-01 15:23:42,613 - root - INFO - Employee viewing existing expenses
2025-12-01 15:23:42,617 - root - INFO - Successfully showed existing user expenses
2025-12-01 15:23:43,644 - root - INFO - checking if id is valid
2025-12-01 15:24:06,796 - root - INFO - Employee viewing existing expenses
2025-12-01 15:24:06,801 - root - INFO - Successfully showed existing user expenses
2025-12-01 15:25:11,760 - root - INFO - Entering new data for expenses
2025-12-01 15:26:38,834 - root - WARNING - Invalid input for month in new expense
2025-12-01 15:27:15,435 - root - INFO - Entering new data for expenses
2025-12-01 15:27:23,065 - root - INFO - Employee successfully submitted new expense
2025-12-01 15:27:39,433 - root - INFO - Employee viewing existing expenses
2025-12-01 15:27:39,438 - root - INFO - Successfully showed existing user expenses
2025-12-01 15:27:47,275 - root - INFO - Employee viewing existing expenses
2025-12-01 15:27:47,280 - root - INFO - Successfully showed existing user expenses
2025-12-01 15:27:49,471 - root - INFO - checking if id is valid
2025-12-01 15:27:49,473 - root - INFO - Expense for deletion found
2025-12-01 15:27:49,475 - root - INFO - checking if id is valid
2025-12-01 15:28:02,675 - root - INFO - Deletion aborted
2025-12-01 15:28:06,250 - root - INFO - Employee viewing existing expenses
2025-12-01 15:28:06,255 - root - INFO - Successfully showed existing user expenses
2025-12-01 15:28:07,960 - root - INFO - checking if id is valid
2025-12-01 15:28:07,962 - root - INFO - Expense for deletion found
2025-12-01 15:28:07,964 - root - INFO - checking if id is valid
2025-12-01 15:28:13,262 - root - INFO - Deletion aborted
2025-12-01 15:28:17,405 - root - INFO - Employee viewing existing expenses
2025-12-01 15:28:17,410 - root - INFO - Successfully showed existing user expenses
2025-12-01 15:28:18,591 - root - INFO - checking if id is valid
2025-12-01 15:28:18,593 - root - INFO - Expense for deletion found
2025-12-01 15:28:18,596 - root - INFO - checking if id is valid
2025-12-01 15:28:24,229 - root - INFO - Deletion aborted
2025-12-01 15:28:38,890 - root - INFO - Employee viewing existing expenses
2025-12-01 15:28:38,896 - root - INFO - Successfully showed existing user expenses
2025-12-01 15:28:39,547 - root - INFO - checking if id is valid
2025-12-01 15:28:39,549 - root - INFO - Expense for deletion found
2025-12-01 15:28:39,551 - root - INFO - checking if id is valid
2025-12-01 15:28:41,900 - root - INFO - Deletion successful
2025-12-01 15:28:51,602 - root - INFO - Employee viewing existing expenses
2025-12-01 15:28:51,607 - root - INFO - Successfully showed existing user expenses
2025-12-01 15:28:58,405 - root - INFO - checking if id is valid
2025-12-01 15:29:04,342 - root - INFO - Employee viewing existing expenses
2025-12-01 15:29:04,347 - root - INFO - Successfully showed existing user expenses
2025-12-01 15:29:08,544 - root - INFO - checking if id is valid
2025-12-01 15:29:08,545 - root - INFO - Expense for edit found
2025-12-01 15:29:08,548 - root - INFO - checking if id is valid
2025-12-01 15:29:32,451 - root - WARNING - Invalid input for edit expense year
2025-12-01 15:29:32,451 - root - ERROR - Invalid error for field selection in edit expense
2025-12-01 15:29:32,454 - root - INFO - checking if id is valid
2025-12-01 15:29:59,099 - root - INFO - Successfully edited expense
2025-12-01 15:30:05,173 - root - INFO - Employee viewing existing expenses
2025-12-01 15:30:05,178 - root - INFO - Successfully showed existing user expenses
2025-12-01 15:30:30,642 - root - INFO - Employee viewing existing expenses
2025-12-01 15:30:30,647 - root - INFO - Successfully showed existing user expenses
2025-12-01 15:30:32,364 - root - INFO - checking if id is valid
2025-12-01 15:30:37,793 - root - INFO - Employee viewing existing expenses
2025-12-01 15:30:37,797 - root - INFO - Successfully showed existing user expenses
2025-12-01 15:30:39,477 - root - INFO - checking if id is valid
2025-12-01 15:30:39,478 - root - INFO - Expense for edit found
2025-12-01 15:30:39,481 - root - INFO - checking if id is valid
2025-12-01 15:30:55,681 - root - ERROR - Invalid error for field selection in edit expense
2025-12-01 15:30:55,684 - root - INFO - checking if id is valid
2025-12-01 15:31:04,969 - root - INFO - Edit expense canceled
2025-12-01 15:31:07,253 - root - INFO - Exiting login
2025-12-01 15:31:07,255 - root - INFO - LOG END
2025-12-01 15:31:20,509 - root - INFO - LOG START
2025-12-01 15:31:28,638 - root - INFO - Checking users table for valid credentials
2025-12-01 15:31:28,765 - root - INFO - Successfully found employee credentials
2025-12-01 15:31:56,574 - root - INFO - Exiting login
2025-12-01 15:31:56,574 - root - INFO - LOG END
2025-12-01 15:38:41,126 - root - INFO - LOG START
2025-12-01 15:38:47,853 - root - INFO - Checking users table for valid credentials
2025-12-01 15:38:48,028 - root - INFO - Successfully found employee credentials
2025-12-01 15:38:54,405 - root - INFO - Employee viewing existing expenses
2025-12-01 15:38:54,410 - root - INFO - Successfully showed existing user expenses
2025-12-01 15:39:14,362 - root - INFO - Entering new data for expenses
2025-12-01 15:39:23,630 - root - INFO - Employee successfully submitted new expense
2025-12-01 15:39:25,789 - root - INFO - Employee viewing existing expenses
2025-12-01 15:39:25,794 - root - INFO - Successfully showed existing user expenses
2025-12-01 15:40:33,902 - root - INFO - Employee viewing existing expenses
2025-12-01 15:40:33,908 - root - INFO - Successfully showed existing user expenses
2025-12-01 15:42:58,381 - root - INFO - Employee viewing existing expenses
2025-12-01 15:42:58,387 - root - INFO - Successfully showed existing user expenses
2025-12-01 15:43:00,109 - root - INFO - checking if id is valid
2025-12-01 15:43:00,110 - root - INFO - Expense for edit found
2025-12-01 15:43:00,113 - root - INFO - checking if id is valid
2025-12-01 15:43:06,146 - root - WARNING - Invalid input for amount in edit expense
2025-12-01 15:43:06,146 - root - ERROR - Invalid error for field selection in edit expense
2025-12-01 15:43:06,149 - root - INFO - checking if id is valid
2025-12-01 15:43:32,505 - root - ERROR - Invalid error for field selection in edit expense
2025-12-01 15:43:32,509 - root - INFO - checking if id is valid
2025-12-01 15:43:43,573 - root - INFO - Successfully edited expense
2025-12-01 15:43:45,725 - root - INFO - Employee viewing existing expenses
2025-12-01 15:43:45,730 - root - INFO - Successfully showed existing user expenses
2025-12-01 15:44:40,957 - root - INFO - Employee viewing existing expenses
2025-12-01 15:44:40,962 - root - INFO - Successfully showed existing user expenses
2025-12-01 15:44:42,540 - root - INFO - checking if id is valid
2025-12-01 15:44:42,542 - root - INFO - Expense for edit found
2025-12-01 15:44:42,544 - root - INFO - checking if id is valid
2025-12-01 15:45:01,112 - root - INFO - Successfully edited expense
2025-12-01 15:45:05,233 - root - INFO - Employee viewing existing expenses
2025-12-01 15:45:05,238 - root - INFO - Successfully showed existing user expenses
2025-12-01 15:45:15,120 - root - INFO - Employee viewing existing expenses
2025-12-01 15:45:15,130 - root - INFO - Successfully showed existing user expenses
2025-12-01 15:45:23,049 - root - INFO - checking if id is valid
2025-12-01 15:45:23,051 - root - INFO - Expense for edit found
2025-12-01 15:45:23,053 - root - INFO - checking if id is valid
2025-12-01 15:45:28,135 - root - INFO - Successfully edited expense
2025-12-01 15:45:30,104 - root - INFO - Employee viewing existing expenses
2025-12-01 15:45:30,109 - root - INFO - Successfully showed existing user expenses
2025-12-01 15:48:02,544 - root - INFO - Employee viewing existing expenses
2025-12-01 15:48:02,550 - root - INFO - Successfully showed existing user expenses
2025-12-01 15:48:04,071 - root - INFO - checking if id is valid
2025-12-01 15:48:04,073 - root - INFO - Expense for edit found
2025-12-01 15:48:04,075 - root - INFO - checking if id is valid
2025-12-01 15:48:10,525 - root - WARNING - Invalid input for amount in edit expense
2025-12-01 15:48:10,526 - root - ERROR - Invalid error for field selection in edit expense
2025-12-01 15:48:10,529 - root - INFO - checking if id is valid
2025-12-01 15:49:10,765 - root - INFO - Successfully edited expense
2025-12-01 15:49:16,765 - root - INFO - Employee viewing existing expenses
2025-12-01 15:49:16,770 - root - INFO - Successfully showed existing user expenses
2025-12-01 15:50:46,301 - root - INFO - Exiting login
2025-12-01 15:50:46,302 - root - INFO - LOG END
2025-12-01 15:50:50,275 - root - INFO - LOG START
2025-12-01 15:50:56,609 - root - INFO - Checking users table for valid credentials
2025-12-01 15:50:56,729 - root - INFO - Successfully found employee credentials
2025-12-01 15:51:14,842 - root - INFO - Employee viewing existing expenses
2025-12-01 15:51:14,848 - root - INFO - Successfully showed existing user expenses
2025-12-01 15:51:18,146 - root - INFO - checking if id is valid
2025-12-01 15:51:18,148 - root - INFO - Expense for edit found
2025-12-01 15:51:18,150 - root - INFO - checking if id is valid
2025-12-01 15:51:23,676 - root - INFO - Successfully edited expense
2025-12-01 15:51:29,866 - root - INFO - Employee viewing existing expenses
2025-12-01 15:51:29,871 - root - INFO - Successfully showed existing user expenses
2025-12-01 15:54:52,042 - root - INFO - Employee viewing existing expenses
2025-12-01 15:54:52,047 - root - INFO - Successfully showed existing user expenses
2025-12-01 15:54:54,093 - root - INFO - checking if id is valid
2025-12-01 15:54:54,095 - root - INFO - Expense for edit found
2025-12-01 15:54:54,098 - root - INFO - checking if id is valid
2025-12-01 15:54:59,604 - root - INFO - Successfully edited expense
2025-12-01 15:55:01,134 - root - INFO - Employee viewing existing expenses
2025-12-01 15:55:01,139 - root - INFO - Successfully showed existing user expenses
2025-12-01 15:55:51,848 - root - INFO - Employee viewing existing expenses
2025-12-01 15:55:51,854 - root - INFO - Successfully showed existing user expenses
2025-12-01 16:07:46,529 - root - INFO - Employee viewing existing expenses
2025-12-01 16:07:46,535 - root - INFO - Successfully showed existing user expenses
2025-12-01 19:27:16,241 - root - INFO - Exiting login
2025-12-01 19:27:16,242 - root - INFO - LOG END
2025-12-02 18:56:32,750 - root - INFO - LOG START
2025-12-02 18:56:42,108 - root - INFO - Checking users table for valid credentials
2025-12-02 18:56:42,242 - root - INFO - Successfully found employee credentials
2025-12-02 18:56:43,898 - root - INFO - Employee viewing existing expenses
2025-12-02 18:56:43,902 - root - INFO - Successfully showed existing user expenses
2025-12-02 18:57:25,455 - root - INFO - Employee viewing existing expenses
2025-12-02 18:57:25,459 - root - INFO - Successfully showed existing user expenses
2025-12-02 18:57:27,292 - root - INFO - checking if id is valid
2025-12-02 18:57:27,294 - root - INFO - Expense for edit found
2025-12-02 18:57:27,295 - root - INFO - checking if id is valid
2025-12-02 18:57:38,828 - root - INFO - Successfully edited expense
2025-12-02 18:57:40,748 - root - INFO - Employee viewing existing expenses
2025-12-02 18:57:40,752 - root - INFO - Successfully showed existing user expenses
2025-12-02 18:58:42,453 - root - INFO - Employee viewing existing expenses
2025-12-02 18:58:42,456 - root - INFO - Successfully showed existing user expenses
2025-12-02 18:58:44,213 - root - INFO - checking if id is valid
2025-12-02 18:58:44,215 - root - INFO - Expense for edit found
2025-12-02 18:58:44,216 - root - INFO - checking if id is valid
2025-12-02 18:58:49,174 - root - ERROR - Invalid error for field selection in edit expense
2025-12-02 18:58:49,176 - root - INFO - checking if id is valid
2025-12-02 18:59:02,712 - root - INFO - Successfully edited expense
2025-12-02 18:59:04,327 - root - INFO - Employee viewing existing expenses
2025-12-02 18:59:04,331 - root - INFO - Successfully showed existing user expenses
2025-12-03 09:11:22,250 - root - INFO - Employee attempting to viewing approvals
2025-12-03 09:11:22,252 - root - INFO - Successfuly displayed approvals
2025-12-03 09:11:26,114 - root - INFO - Exiting login
2025-12-03 09:11:26,115 - root - INFO - LOG END
2025-12-03 18:20:08,716 - root - INFO - LOG START
2025-12-03 18:20:18,141 - root - INFO - Checking users table for valid credentials
2025-12-03 18:20:18,329 - root - INFO - Successfully found employee credentials
2025-12-03 18:20:58,997 - root - INFO - Entering new data for expenses
2025-12-03 18:21:14,202 - root - INFO - Employee successfully submitted new expense
2025-12-03 18:21:20,820 - root - INFO - Employee viewing existing expenses
2025-12-03 18:21:20,829 - root - INFO - Successfully showed existing user expenses
2025-12-03 18:21:30,118 - root - INFO - Employee viewing existing expenses
2025-12-03 18:21:30,124 - root - INFO - Successfully showed existing user expenses
2025-12-03 18:21:33,273 - root - INFO - checking if id is valid
2025-12-03 18:21:33,275 - root - INFO - Expense for edit found
2025-12-03 18:21:33,278 - root - INFO - checking if id is valid
2025-12-03 18:21:39,767 - root - ERROR - Invalid error for field selection in edit expense
2025-12-03 18:21:39,770 - root - INFO - checking if id is valid
2025-12-03 18:21:41,351 - root - ERROR - Invalid error for field selection in edit expense
2025-12-03 18:21:41,354 - root - INFO - checking if id is valid
2025-12-03 18:21:42,510 - root - ERROR - Invalid error for field selection in edit expense
2025-12-03 18:21:42,513 - root - INFO - checking if id is valid
2025-12-03 18:21:44,014 - root - ERROR - Invalid error for field selection in edit expense
2025-12-03 18:21:44,017 - root - INFO - checking if id is valid
2025-12-03 18:21:45,410 - root - ERROR - Invalid error for field selection in edit expense
2025-12-03 18:21:45,413 - root - INFO - checking if id is valid
2025-12-03 18:22:00,397 - root - INFO - Successfully edited expense
2025-12-03 18:22:02,660 - root - INFO - Employee viewing existing expenses
2025-12-03 18:22:02,665 - root - INFO - Successfully showed existing user expenses
2025-12-03 18:22:15,588 - root - INFO - Entering new data for expenses
2025-12-03 18:22:24,782 - root - INFO - Employee successfully submitted new expense
2025-12-03 18:22:26,095 - root - INFO - Employee viewing existing expenses
2025-12-03 18:22:26,102 - root - INFO - Successfully showed existing user expenses
2025-12-03 18:22:32,138 - root - INFO - Employee viewing existing expenses
2025-12-03 18:22:32,145 - root - INFO - Successfully showed existing user expenses
2025-12-03 18:22:40,859 - root - INFO - checking if id is valid
2025-12-03 18:22:44,111 - root - INFO - Employee viewing existing expenses
2025-12-03 18:22:44,118 - root - INFO - Successfully showed existing user expenses
2025-12-03 18:22:50,596 - root - INFO - checking if id is valid
2025-12-03 18:22:54,501 - root - INFO - Employee viewing existing expenses
2025-12-03 18:22:54,507 - root - INFO - Successfully showed existing user expenses
2025-12-03 18:22:58,139 - root - INFO - checking if id is valid
2025-12-03 18:22:58,140 - root - INFO - Expense for deletion found
2025-12-03 18:22:58,143 - root - INFO - checking if id is valid
2025-12-03 18:23:06,174 - root - INFO - Deletion successful
2025-12-03 18:23:14,044 - root - INFO - Employee attempting to viewing approvals
2025-12-03 18:23:14,050 - root - INFO - Successfuly displayed approvals
2025-12-03 18:23:26,579 - root - INFO - Exiting login
2025-12-03 18:23:26,582 - root - INFO - LOG END
2025-12-03 18:26:54,904 - root - INFO - LOG START
2025-12-03 18:27:02,885 - root - INFO - Checking users table for valid credentials
2025-12-03 18:27:03,013 - root - INFO - Successfully found employee credentials
2025-12-03 18:27:04,244 - root - INFO - Employee viewing existing expenses
2025-12-03 18:27:04,251 - root - INFO - Successfully showed existing user expenses
2025-12-03 18:27:10,468 - root - INFO - Employee attempting to viewing approvals
2025-12-03 18:27:10,474 - root - INFO - Successfuly displayed approvals
2025-12-03 18:27:58,982 - root - INFO - Employee viewing existing expenses
2025-12-03 18:27:58,987 - root - INFO - Successfully showed existing user expenses
2025-12-03 18:28:01,645 - root - INFO - Employee attempting to viewing approvals
2025-12-03 18:28:01,651 - root - INFO - Successfuly displayed approvals
2025-12-03 18:29:52,360 - root - INFO - Employee viewing existing expenses
2025-12-03 18:29:52,366 - root - INFO - Successfully showed existing user expenses
2025-12-03 18:30:39,629 - root - INFO - Exiting login
2025-12-03 18:30:39,629 - root - INFO - LOG END
2025-12-04 11:08:32,087 - root - INFO - LOG START
2025-12-04 11:08:51,468 - root - ERROR - Value error for login choice input
2025-12-04 11:08:53,352 - root - WARNING - Invalid number input for login choice
2025-12-04 11:09:06,525 - root - INFO - Checking users table for valid credentials
2025-12-04 11:09:06,601 - root - INFO - Successfully found employee credentials
2025-12-04 11:09:09,419 - root - INFO - Employee viewing existing expenses
2025-12-04 11:09:09,425 - root - INFO - Successfully showed existing user expenses
2025-12-04 11:09:34,528 - root - INFO - Entering new data for expenses
2025-12-04 11:09:55,612 - root - INFO - Entering new data for expenses
2025-12-04 11:10:00,796 - root - INFO - Employee successfully submitted new expense
2025-12-04 11:10:03,161 - root - INFO - Employee viewing existing expenses
2025-12-04 11:10:03,165 - root - INFO - Successfully showed existing user expenses
2025-12-04 11:10:11,545 - root - INFO - Employee viewing existing expenses
2025-12-04 11:10:11,547 - root - INFO - Successfully showed existing user expenses
2025-12-04 11:10:15,829 - root - INFO - checking if id is valid
2025-12-04 11:10:15,830 - root - INFO - Expense for edit found
2025-12-04 11:10:15,831 - root - INFO - checking if id is valid
2025-12-04 11:10:20,809 - root - INFO - Successfully edited expense
2025-12-04 11:10:32,561 - root - INFO - Exiting login
2025-12-04 11:10:32,562 - root - INFO - LOG END
2025-12-04 11:11:14,830 - root - INFO - LOG START
2025-12-04 11:11:29,792 - root - INFO - Checking users table for valid credentials
2025-12-04 11:11:29,847 - root - INFO - Successfully found employee credentials
2025-12-04 11:11:31,668 - root - INFO - Employee viewing existing expenses
2025-12-04 11:11:31,671 - root - INFO - Successfully showed existing user expenses
2025-12-04 11:11:34,481 - root - INFO - Employee viewing existing expenses
2025-12-04 11:11:34,483 - root - INFO - Successfully showed existing user expenses
2025-12-04 11:11:46,420 - root - INFO - checking if id is valid
2025-12-04 11:11:55,274 - root - INFO - Employee viewing existing expenses
2025-12-04 11:11:55,276 - root - INFO - Successfully showed existing user expenses
2025-12-04 11:11:57,682 - root - INFO - checking if id is valid
2025-12-04 11:12:02,047 - root - INFO - Employee viewing existing expenses
2025-12-04 11:12:02,050 - root - INFO - Successfully showed existing user expenses
2025-12-04 11:12:06,893 - root - INFO - checking if id is valid
2025-12-04 11:12:06,894 - root - INFO - Expense for deletion found
2025-12-04 11:12:06,894 - root - INFO - checking if id is valid
2025-12-04 11:12:14,424 - root - INFO - Deletion aborted
2025-12-04 11:12:21,470 - root - INFO - Employee attempting to viewing approvals
2025-12-04 11:12:21,473 - root - INFO - Successfuly displayed approvals
2025-12-04 11:13:32,214 - root - INFO - Employee viewing existing expenses
2025-12-04 11:13:32,217 - root - INFO - Successfully showed existing user expenses
2025-12-04 11:14:34,933 - root - INFO - Employee viewing existing expenses
2025-12-04 11:14:34,935 - root - INFO - Successfully showed existing user expenses
2025-12-04 11:15:23,503 - root - INFO - Employee viewing existing expenses
2025-12-04 11:15:23,506 - root - INFO - Successfully showed existing user expenses
2025-12-04 11:18:47,035 - root - INFO - Employee attempting to viewing approvals
2025-12-04 11:18:47,038 - root - INFO - Successfuly displayed approvals
2025-12-04 11:20:53,803 - root - INFO - Employee viewing existing expenses
2025-12-04 11:20:53,805 - root - INFO - Successfully showed existing user expenses
2025-12-04 11:20:58,937 - root - INFO - checking if id is valid
2025-12-04 11:20:58,938 - root - INFO - Expense for edit found
2025-12-04 11:20:58,939 - root - INFO - checking if id is valid
2025-12-04 11:21:05,269 - root - WARNING - Invalid input for edit expense year
2025-12-04 11:21:05,269 - root - ERROR - Invalid error for field selection in edit expense
2025-12-04 11:21:05,271 - root - INFO - checking if id is valid
2025-12-04 11:21:23,257 - root - ERROR - Invalid error for field selection in edit expense
2025-12-04 11:21:23,258 - root - INFO - checking if id is valid
2025-12-04 11:22:08,477 - root - WARNING - Invalid input for description in edit expense
2025-12-04 11:22:08,477 - root - ERROR - Invalid error for field selection in edit expense
2025-12-04 11:22:08,479 - root - INFO - checking if id is valid
2025-12-04 11:22:11,035 - root - INFO - Edit expense canceled
2025-12-04 11:22:13,205 - root - INFO - Exiting login
2025-12-04 11:22:13,205 - root - INFO - LOG END
2025-12-04 11:22:16,248 - root - INFO - LOG START
2025-12-04 11:22:25,048 - root - INFO - Checking users table for valid credentials
2025-12-04 11:22:25,108 - root - INFO - Successfully found employee credentials
2025-12-04 11:22:27,711 - root - INFO - Employee viewing existing expenses
2025-12-04 11:22:27,712 - root - INFO - Successfully showed existing user expenses
2025-12-04 11:22:44,718 - root - INFO - Employee attempting to viewing approvals
2025-12-04 11:22:44,719 - root - INFO - Successfuly displayed approvals
2025-12-04 11:22:54,004 - root - INFO - Checking users table for valid credentials
2025-12-04 11:22:54,006 - root - INFO - Successfully found employee credentials
2025-12-04 11:22:58,170 - root - INFO - Employee viewing existing expenses
2025-12-04 11:22:58,173 - root - INFO - Successfully showed existing user expenses
2025-12-04 11:23:03,723 - root - INFO - checking if id is valid
2025-12-04 11:23:03,724 - root - INFO - Expense for edit found
2025-12-04 11:23:03,725 - root - INFO - checking if id is valid
2025-12-04 11:23:19,562 - root - WARNING - Invalid input for edit expense year
2025-12-04 11:23:19,562 - root - ERROR - Invalid error for field selection in edit expense
2025-12-04 11:23:19,564 - root - INFO - checking if id is valid
2025-12-04 11:23:44,362 - root - WARNING - Invalid input for edit expense day
2025-12-04 11:23:44,362 - root - ERROR - Invalid error for field selection in edit expense
2025-12-04 11:23:44,364 - root - INFO - checking if id is valid
2025-12-04 11:24:01,187 - root - INFO - Edit expense canceled
2025-12-04 11:24:06,140 - root - INFO - Exiting login
2025-12-04 11:24:06,140 - root - INFO - LOG END
2025-12-04 14:15:16,034 - root - INFO - LOG START
2025-12-04 14:15:36,687 - root - INFO - Checking users table for valid credentials
2025-12-04 14:15:36,823 - root - WARNING - Username not found in database
2025-12-04 14:15:39,530 - root - ERROR - Value error for login choice input
2025-12-04 14:15:40,830 - root - WARNING - Invalid number input for login choice
2025-12-04 14:15:51,254 - root - INFO - Checking users table for valid credentials
2025-12-04 14:15:51,259 - root - INFO - Successfully found employee credentials
2025-12-04 14:15:55,755 - root - INFO - Employee viewing existing expenses
2025-12-04 14:15:55,763 - root - INFO - Successfully showed existing user expenses
2025-12-04 14:16:22,398 - root - WARNING - Invalid input for amount field in new expense
2025-12-04 14:16:33,671 - root - INFO - Entering new data for expenses
2025-12-04 14:16:38,980 - root - WARNING - Invalid input for year field in new expense
2025-12-04 14:16:45,622 - root - INFO - Entering new data for expenses
2025-12-04 14:17:14,410 - root - INFO - Employee viewing existing expenses
2025-12-04 14:17:14,417 - root - INFO - Successfully showed existing user expenses
2025-12-04 14:17:37,105 - root - INFO - Entering new data for expenses
2025-12-04 14:17:42,283 - root - INFO - Employee successfully submitted new expense
2025-12-04 14:17:45,538 - root - INFO - Employee viewing existing expenses
2025-12-04 14:17:45,547 - root - INFO - Successfully showed existing user expenses
2025-12-04 14:17:54,324 - root - INFO - Employee viewing existing expenses
2025-12-04 14:17:54,332 - root - INFO - Successfully showed existing user expenses
2025-12-04 14:18:06,568 - root - INFO - checking if id is valid
2025-12-04 14:18:11,555 - root - INFO - Employee viewing existing expenses
2025-12-04 14:18:11,562 - root - INFO - Successfully showed existing user expenses
2025-12-04 14:18:15,281 - root - INFO - checking if id is valid
2025-12-04 14:18:15,283 - root - INFO - Expense for edit found
2025-12-04 14:18:15,285 - root - INFO - checking if id is valid
2025-12-04 14:18:41,737 - root - INFO - Successfully edited expense
2025-12-04 14:18:45,921 - root - INFO - Employee viewing existing expenses
2025-12-04 14:18:45,928 - root - INFO - Successfully showed existing user expenses
2025-12-04 14:18:55,100 - root - INFO - Entering new data for expenses
2025-12-04 14:18:58,810 - root - INFO - Employee successfully submitted new expense
2025-12-04 14:19:00,734 - root - INFO - Employee viewing existing expenses
2025-12-04 14:19:00,742 - root - INFO - Successfully showed existing user expenses
2025-12-04 14:19:11,510 - root - INFO - checking if id is valid
2025-12-04 14:19:11,512 - root - INFO - Expense for deletion found
2025-12-04 14:19:11,514 - root - INFO - checking if id is valid
2025-12-04 14:19:23,055 - root - INFO - Deletion aborted
2025-12-04 14:19:25,799 - root - INFO - Employee viewing existing expenses
2025-12-04 14:19:25,807 - root - INFO - Successfully showed existing user expenses
2025-12-04 14:19:27,685 - root - INFO - checking if id is valid
2025-12-04 14:19:27,687 - root - INFO - Expense for deletion found
2025-12-04 14:19:27,690 - root - INFO - checking if id is valid
2025-12-04 14:19:29,969 - root - INFO - Deletion successful
2025-12-04 14:19:32,172 - root - INFO - Employee viewing existing expenses
2025-12-04 14:19:32,179 - root - INFO - Successfully showed existing user expenses
2025-12-04 14:19:40,500 - root - INFO - Employee attempting to viewing approvals
2025-12-04 14:19:40,507 - root - INFO - Successfuly displayed approvals
2025-12-04 14:21:07,707 - root - INFO - Employee viewing existing expenses
2025-12-04 14:21:07,714 - root - INFO - Successfully showed existing user expenses
2025-12-04 14:21:47,370 - root - INFO - Employee viewing existing expenses
2025-12-04 14:21:47,377 - root - INFO - Successfully showed existing user expenses
2025-12-04 14:22:20,675 - root - INFO - Employee viewing existing expenses
2025-12-04 14:22:20,683 - root - INFO - Successfully showed existing user expenses
2025-12-04 14:34:43,081 - root - INFO - Exiting login
2025-12-04 14:34:43,081 - root - INFO - LOG END
